// Jest Snapshot v1, https://goo.gl/fbAQLP

exports[`Leaderboard will show the leaderboard page 1`] = `
Object {
  "asFragment": [Function],
  "baseElement": <body>
    <div>
      <div>
        <h1>
          Leaderboard
        </h1>
        <table>
          <thead>
            <tr>
              <th>
                Users
              </th>
              <th>
                Answered
              </th>
              <th>
                Created
              </th>
            </tr>
          </thead>
          <tbody>
            <tr>
              <td
                class="wide"
              >
                <div>
                  <img
                    alt="user's avatar"
                    class="leaderboard-avatar"
                    src="/images/sarahedo.jpg"
                  />
                </div>
                <div>
                  Sarah Edo
                   
                </div>
                <div
                  class="user-handle"
                >
                  sarahedo
                </div>
              </td>
              <td>
                <span>
                  4
                </span>
              </td>
              <td>
                <span>
                  2
                </span>
              </td>
            </tr>
            <tr>
              <td
                class="wide"
              >
                <div>
                  <img
                    alt="user's avatar"
                    class="leaderboard-avatar"
                    src="images/"
                  />
                </div>
                <div>
                  Tyler McGinnis
                   
                </div>
                <div
                  class="user-handle"
                >
                  tylermcginnis
                </div>
              </td>
              <td>
                <span>
                  2
                </span>
              </td>
              <td>
                <span>
                  2
                </span>
              </td>
            </tr>
          </tbody>
        </table>
      </div>
    </div>
  </body>,
  "container": <div>
    <div>
      <h1>
        Leaderboard
      </h1>
      <table>
        <thead>
          <tr>
            <th>
              Users
            </th>
            <th>
              Answered
            </th>
            <th>
              Created
            </th>
          </tr>
        </thead>
        <tbody>
          <tr>
            <td
              class="wide"
            >
              <div>
                <img
                  alt="user's avatar"
                  class="leaderboard-avatar"
                  src="/images/sarahedo.jpg"
                />
              </div>
              <div>
                Sarah Edo
                 
              </div>
              <div
                class="user-handle"
              >
                sarahedo
              </div>
            </td>
            <td>
              <span>
                4
              </span>
            </td>
            <td>
              <span>
                2
              </span>
            </td>
          </tr>
          <tr>
            <td
              class="wide"
            >
              <div>
                <img
                  alt="user's avatar"
                  class="leaderboard-avatar"
                  src="images/"
                />
              </div>
              <div>
                Tyler McGinnis
                 
              </div>
              <div
                class="user-handle"
              >
                tylermcginnis
              </div>
            </td>
            <td>
              <span>
                2
              </span>
            </td>
            <td>
              <span>
                2
              </span>
            </td>
          </tr>
        </tbody>
      </table>
    </div>
  </div>,
  "debug": [Function],
  "findAllByAltText": [Function],
  "findAllByDisplayValue": [Function],
  "findAllByLabelText": [Function],
  "findAllByPlaceholderText": [Function],
  "findAllByRole": [Function],
  "findAllByTestId": [Function],
  "findAllByText": [Function],
  "findAllByTitle": [Function],
  "findByAltText": [Function],
  "findByDisplayValue": [Function],
  "findByLabelText": [Function],
  "findByPlaceholderText": [Function],
  "findByRole": [Function],
  "findByTestId": [Function],
  "findByText": [Function],
  "findByTitle": [Function],
  "getAllByAltText": [Function],
  "getAllByDisplayValue": [Function],
  "getAllByLabelText": [Function],
  "getAllByPlaceholderText": [Function],
  "getAllByRole": [Function],
  "getAllByTestId": [Function],
  "getAllByText": [Function],
  "getAllByTitle": [Function],
  "getByAltText": [Function],
  "getByDisplayValue": [Function],
  "getByLabelText": [Function],
  "getByPlaceholderText": [Function],
  "getByRole": [Function],
  "getByTestId": [Function],
  "getByText": [Function],
  "getByTitle": [Function],
  "queryAllByAltText": [Function],
  "queryAllByDisplayValue": [Function],
  "queryAllByLabelText": [Function],
  "queryAllByPlaceholderText": [Function],
  "queryAllByRole": [Function],
  "queryAllByTestId": [Function],
  "queryAllByText": [Function],
  "queryAllByTitle": [Function],
  "queryByAltText": [Function],
  "queryByDisplayValue": [Function],
  "queryByLabelText": [Function],
  "queryByPlaceholderText": [Function],
  "queryByRole": [Function],
  "queryByTestId": [Function],
  "queryByText": [Function],
  "queryByTitle": [Function],
  "rerender": [Function],
  "unmount": [Function],
}
`;
