// Jest Snapshot v1, https://goo.gl/fbAQLP

exports[`Login will show an alert for an unsuccessful authentication 1`] = `
Object {
  "asFragment": [Function],
  "baseElement": <body>
    <div>
      <div
        class="box"
      >
        <h1>
          Employee Polls
        </h1>
        <form>
          <div>
            <p>
              Username: 
            </p>
            <input
              class="textbox"
              data-testid="username"
              maxlength="32"
              placeholder="Username"
              value=""
            />
          </div>
          <div>
            <p>
              Password: 
            </p>
            <input
              class="password"
              data-testid="password"
              maxlength="32"
              placeholder="Password"
              type="password"
              value=""
            />
          </div>
          <div>
            <button
              class="btn"
              data-testid="loginUserBtn"
              disabled=""
              type="submit"
            >
              Login
            </button>
          </div>
        </form>
      </div>
    </div>
  </body>,
  "container": <div>
    <div
      class="box"
    >
      <h1>
        Employee Polls
      </h1>
      <form>
        <div>
          <p>
            Username: 
          </p>
          <input
            class="textbox"
            data-testid="username"
            maxlength="32"
            placeholder="Username"
            value=""
          />
        </div>
        <div>
          <p>
            Password: 
          </p>
          <input
            class="password"
            data-testid="password"
            maxlength="32"
            placeholder="Password"
            type="password"
            value=""
          />
        </div>
        <div>
          <button
            class="btn"
            data-testid="loginUserBtn"
            disabled=""
            type="submit"
          >
            Login
          </button>
        </div>
      </form>
    </div>
  </div>,
  "debug": [Function],
  "findAllByAltText": [Function],
  "findAllByDisplayValue": [Function],
  "findAllByLabelText": [Function],
  "findAllByPlaceholderText": [Function],
  "findAllByRole": [Function],
  "findAllByTestId": [Function],
  "findAllByText": [Function],
  "findAllByTitle": [Function],
  "findByAltText": [Function],
  "findByDisplayValue": [Function],
  "findByLabelText": [Function],
  "findByPlaceholderText": [Function],
  "findByRole": [Function],
  "findByTestId": [Function],
  "findByText": [Function],
  "findByTitle": [Function],
  "getAllByAltText": [Function],
  "getAllByDisplayValue": [Function],
  "getAllByLabelText": [Function],
  "getAllByPlaceholderText": [Function],
  "getAllByRole": [Function],
  "getAllByTestId": [Function],
  "getAllByText": [Function],
  "getAllByTitle": [Function],
  "getByAltText": [Function],
  "getByDisplayValue": [Function],
  "getByLabelText": [Function],
  "getByPlaceholderText": [Function],
  "getByRole": [Function],
  "getByTestId": [Function],
  "getByText": [Function],
  "getByTitle": [Function],
  "queryAllByAltText": [Function],
  "queryAllByDisplayValue": [Function],
  "queryAllByLabelText": [Function],
  "queryAllByPlaceholderText": [Function],
  "queryAllByRole": [Function],
  "queryAllByTestId": [Function],
  "queryAllByText": [Function],
  "queryAllByTitle": [Function],
  "queryByAltText": [Function],
  "queryByDisplayValue": [Function],
  "queryByLabelText": [Function],
  "queryByPlaceholderText": [Function],
  "queryByRole": [Function],
  "queryByTestId": [Function],
  "queryByText": [Function],
  "queryByTitle": [Function],
  "rerender": [Function],
  "unmount": [Function],
}
`;

exports[`Login will show the login page 1`] = `
Object {
  "asFragment": [Function],
  "baseElement": <body>
    <div>
      <div
        class="box"
      >
        <h1>
          Employee Polls
        </h1>
        <form>
          <div>
            <p>
              Username: 
            </p>
            <input
              class="textbox"
              data-testid="username"
              maxlength="32"
              placeholder="Username"
              value=""
            />
          </div>
          <div>
            <p>
              Password: 
            </p>
            <input
              class="password"
              data-testid="password"
              maxlength="32"
              placeholder="Password"
              type="password"
              value=""
            />
          </div>
          <div>
            <button
              class="btn"
              data-testid="loginUserBtn"
              disabled=""
              type="submit"
            >
              Login
            </button>
          </div>
        </form>
      </div>
    </div>
  </body>,
  "container": <div>
    <div
      class="box"
    >
      <h1>
        Employee Polls
      </h1>
      <form>
        <div>
          <p>
            Username: 
          </p>
          <input
            class="textbox"
            data-testid="username"
            maxlength="32"
            placeholder="Username"
            value=""
          />
        </div>
        <div>
          <p>
            Password: 
          </p>
          <input
            class="password"
            data-testid="password"
            maxlength="32"
            placeholder="Password"
            type="password"
            value=""
          />
        </div>
        <div>
          <button
            class="btn"
            data-testid="loginUserBtn"
            disabled=""
            type="submit"
          >
            Login
          </button>
        </div>
      </form>
    </div>
  </div>,
  "debug": [Function],
  "findAllByAltText": [Function],
  "findAllByDisplayValue": [Function],
  "findAllByLabelText": [Function],
  "findAllByPlaceholderText": [Function],
  "findAllByRole": [Function],
  "findAllByTestId": [Function],
  "findAllByText": [Function],
  "findAllByTitle": [Function],
  "findByAltText": [Function],
  "findByDisplayValue": [Function],
  "findByLabelText": [Function],
  "findByPlaceholderText": [Function],
  "findByRole": [Function],
  "findByTestId": [Function],
  "findByText": [Function],
  "findByTitle": [Function],
  "getAllByAltText": [Function],
  "getAllByDisplayValue": [Function],
  "getAllByLabelText": [Function],
  "getAllByPlaceholderText": [Function],
  "getAllByRole": [Function],
  "getAllByTestId": [Function],
  "getAllByText": [Function],
  "getAllByTitle": [Function],
  "getByAltText": [Function],
  "getByDisplayValue": [Function],
  "getByLabelText": [Function],
  "getByPlaceholderText": [Function],
  "getByRole": [Function],
  "getByTestId": [Function],
  "getByText": [Function],
  "getByTitle": [Function],
  "queryAllByAltText": [Function],
  "queryAllByDisplayValue": [Function],
  "queryAllByLabelText": [Function],
  "queryAllByPlaceholderText": [Function],
  "queryAllByRole": [Function],
  "queryAllByTestId": [Function],
  "queryAllByText": [Function],
  "queryAllByTitle": [Function],
  "queryByAltText": [Function],
  "queryByDisplayValue": [Function],
  "queryByLabelText": [Function],
  "queryByPlaceholderText": [Function],
  "queryByRole": [Function],
  "queryByTestId": [Function],
  "queryByText": [Function],
  "queryByTitle": [Function],
  "rerender": [Function],
  "unmount": [Function],
}
`;
